This is the start of test
1234567890
This is the middle of test
1_beforespaceis1
This is the end of test
